>POST https://example.org/graphql
#^^^^ source.hurl keyword.control.method.hurl
#    ^ source.hurl
#     ^^^^^^^^^^^^^^^^^^^^^^^^^^^ source.hurl string.quoted.url.hurl string.quoted.url.hurl
>```graphql
#^^^ source.hurl string.quoted.multiline.hurl
#   ^^^^^^^^ source.hurl string.quoted.multiline.hurl support.type
>{
#^^ source.hurl string.quoted.multiline.hurl
>  human(id: "1000") {
#^^^^^^^^^^^^^^^^^^^^^^ source.hurl string.quoted.multiline.hurl
>    name
#^^^^^^^^^ source.hurl string.quoted.multiline.hurl
>    height(unit: FOOT)
#^^^^^^^^^^^^^^^^^^^^^^^ source.hurl string.quoted.multiline.hurl
>  }
#^^^^ source.hurl string.quoted.multiline.hurl
>}
#^^ source.hurl string.quoted.multiline.hurl
>```
#^^^ source.hurl string.quoted.multiline.hurl
>HTTP 200
#^^^^ source.hurl constant.language.version.hurl
#    ^^^^ source.hurl constant.numeric.status.hurl
>