>POST https://example.org/InStock
#^^^^ source.hurl keyword.control.method.hurl
#    ^ source.hurl
#     ^^^^^^^^^^^^^^^^^^^^^^^^^^^ source.hurl string.quoted.url.hurl string.quoted.url.hurl
>```json
#^^^^^^^ source.hurl meta.embedded.block.json.hurl
>{
#^^ source.hurl meta.embedded.block.json.hurl text.json
>  "a": 1
#^^^^^^^^^ source.hurl meta.embedded.block.json.hurl text.json
>}
#^^ source.hurl meta.embedded.block.json.hurl text.json
>```
#^^^ source.hurl meta.embedded.block.json.hurl
>HTTP 200
#^^^^ source.hurl constant.language.version.hurl
#    ^^^^ source.hurl constant.numeric.status.hurl
>