># this is a comment
#^^^^^^^^^^^^^^^^^^^ source.hurl comment.line.number-sign.hurl
>