>GET https://example.org
#^^^ source.hurl keyword.control.method.hurl
#   ^ source.hurl
#    ^^^^^^^^^^^^^^^^^^^ source.hurl string.quoted.url.hurl string.quoted.url.hurl
>